saved generated\mini2_raccoon\base.png
saved generated\mini2_banshee\base.png
saved generated\mini2_head\base.png
DONE head
saved generated\mini2_wisp\base.png
saved generated\mini2_toad\base.png
saved generated\mini2_fairy\base.png
saved generated\mini2_golem\base.png
saved generated\mini2_hive\base.png
DONE hive
saved generated\mini2_mushroom\base.png
DONE mushroom
saved generated\mini2_salamander\base.png
saved generated\mini2_phoenix\base.png
saved generated\mini2_items\honey.png
saved generated\mini2_egg\base.png
DONE egg
saved generated\mini2_items\stolen_sack.png
saved generated\mini2_hut\base.png
DONE hut
saved generated\mini2_items\discount_card.png
saved generated\mini2_items\speed_charm.png
saved generated\mini2_items\mirror_charm.png
DONE items
saved 5 frames idle
saved 5 frames run
DONE raccoon
saved 5 frames fly
DONE phoenix
saved 5 frames move
saved 5 frames idle
saved 5 frames attack
DONE banshee
saved 5 frames idle
saved 5 frames idle
DONE wisp
saved 5 frames attack
saved generated\mini2_toad\full.png
DONE toad
saved 5 frames idle
DONE fairy
saved 5 frames attack
DONE salamander
saved 5 frames move
DONE golem
