06:45:47 bld_1 map1 map 192x240
06:47:13 bld_1 map2_nopal map 192x240
06:48:24 bld_2 a_nopal map 192x232
06:48:32 bld_5 a_nopal map 192x248
06:48:41 bld_3 a_nopal map 192x256
06:48:44 bld_4 a_nopal map 192x256
06:48:57 bld_6 a_nopal map 192x300
06:50:40 obj_cottage b_nopal map 192x160
06:50:52 bld_3 b_nopal map 192x256
06:50:52 obj_fruit_tree b_nopal map 68x80
06:50:58 obj_tombstone b_nopal map 40x52
06:51:03 obj_brazier b_nopal map 44x48
06:51:33 obj_monolith b_nopal map 96x192
06:52:16 obj_standing_stone b_nopal map 48x68
06:52:57 obj_shrine_pedestal b_nopal map 48x40
06:53:17 obj_push_block b_nopal map 48x48
06:53:58 obj_lever_off b_nopal map 40x48
06:54:24 obj_brazier c_nopal map 44x48
06:55:20 obj_lever_off d_nopal map 40x48
06:55:48 obj_shrine_pedestal d_nopal map 48x40
06:56:49 obj_lever_off e_nopal map 40x48
09:39:09 obj_inn a_nopal map 192x160
09:39:29 obj_notice_board a_nopal map 60x68
10:03:27 obj_cave_0 a_nopal map 192x144
10:03:58 obj_cave_1 a_nopal map 192x144
10:04:47 obj_cave_2 a_nopal map 192x144
10:05:05 obj_cave_3 a_nopal map 192x144
10:06:15 obj_cave_1 b_nopal map 192x144
10:07:02 obj_cave_3 b_nopal map 192x144
10:07:55 obj_cave_3 c_nopal map 192x144
11:47:04 obj_chest_closed a_nopal map 52x44
11:47:44 obj_chest_open a_nopal map 52x44
11:48:39 obj_chest_open b_nopal map 52x44
11:49:21 obj_chest_open c_nopal map 52x44
obj_chest pair_nopal map 128x56
11:51:33 obj_barrel a map 44x52
11:51:50 obj_shop_counter a map 240x80
11:52:20 obj_rug a map 192x96
11:52:32 obj_shelf a map 96x112
11:54:12 obj_shop_counter b map 240x80
11:54:46 obj_rug b map 192x96
11:58:13 obj_shop_counter c map 240x80
