19:42:53 prop_4_statue a 48x80
19:42:54 prop_4_pillar a 40x80
19:42:59 prop_4_clump a 48x48
19:43:10 prop_4_banner a 48x64
19:43:16 prop_4_roots a 96x64
19:43:18 prop_4_brazier a 48x64
19:45:10 prop_4_statue b 48x80
19:45:58 prop_5_banner a 48x64
19:45:59 prop_5_bones a 48x48
19:46:00 prop_5_statue a 48x80
19:46:04 prop_5_pillar a 40x80
19:46:25 prop_6_pillar a 40x80
19:46:32 prop_5_brazier a 48x64
19:46:40 prop_6_statue a 48x80
19:46:48 prop_6_brazier a 48x64
19:46:55 prop_5_runes a 96x96
19:47:03 prop_6_rug a 96x64
19:47:10 prop_6_banner a 48x64
19:47:19 prop_6_rubble a 48x48
19:47:27 prop_7_statue a 48x80
19:47:34 prop_7_pillar a 40x80
19:47:59 prop_7_brazier a 48x64
19:48:13 prop_7_mosaic a 96x96
19:48:21 prop_8_pillar a 40x80
19:48:21 prop_7_hoard a 48x48
19:48:38 prop_8_brazier a 48x64
19:48:57 prop_8_banner a 48x64
19:48:59 prop_7_banner a 48x64
19:49:14 prop_8_books a 48x48
19:49:23 prop_8_statue a 48x80
19:49:27 prop_9_pillar a 40x80
19:49:29 prop_8_mosaic a 96x96
19:49:42 prop_9_brazier a 48x64
19:49:55 prop_9_circle a 96x96
19:50:11 prop_9_statue a 48x80
19:50:57 prop_9_cage a 48x48
19:51:08 prop_9_banner a 48x64
19:52:40 prop_6_rug b 96x64
19:52:47 prop_8_brazier b 48x64
19:52:49 prop_7_pillar b 48x80
19:52:56 prop_9_pillar b 48x80
19:53:23 prop_9_circle b 96x96
19:53:43 prop_8_pillar b 48x80
19:55:25 prop_9_cage b 48x48
19:56:40 prop_7_hoard c 48x48
19:56:55 prop_9_pillar c 48x80
