19:41:50 i_big_key a bf 32x32
19:42:01 crystal_switch a map 32x48
19:42:08 i_vine_whip a bf 32x32
19:42:11 whip_post a map 32x52
19:42:39 big_chest a map 192x72
19:43:55 i_finder a bf 32x32
19:43:55 i_feather_cloak a bf 32x32
19:43:59 i_dungeon_map a bf 32x32
19:44:03 i_ember_boots a bf 32x32
19:44:15 i_spirit_lantern a bf 32x32
19:44:24 b_vine_whip a bf 48x48
19:44:27 i_titan_gloves a bf 32x32
19:44:29 b_spirit_lantern a bf 48x48
19:44:52 b_feather_cloak a bf 48x48
19:44:52 b_ember_boots a bf 48x48
19:45:09 b_dungeon_map a bf 48x48
19:45:32 b_titan_gloves a bf 48x48
19:45:42 gap_post a map 32x52
19:45:45 b_big_key a bf 48x48
19:45:46 i_small_key a bf 32x32
19:46:14 b_finder a bf 48x48
19:46:15 i_lore_tablet_icon a bf 32x32
19:46:33 boulder a map 44x40
19:46:52 big_boulder a map 96x88
19:47:56 ice_block a map 48x48
19:47:57 lore_tablet a map 36x48
19:48:34 lock_door_big a map 96x48
19:48:39 lock_door_small a map 96x48
19:49:03 floor_switch a map 80x36
19:49:29 pit a map 48x48
19:49:31 lava a bf 48x48
19:49:53 peg_block a map 48x48
19:50:14 pot a map 96x40
19:50:17 elem_crystal a map 32x52
19:50:39 crate a map 112x44
19:51:04 thorns a map 48x48
19:52:28 b_feather_cloak b bf 48x48
19:52:34 i_feather_cloak b bf 32x32
19:52:36 b_big_key b bf 48x48
19:52:48 thorns b map 48x48
19:52:54 lock_door_big b map 96x48
19:53:10 b_titan_gloves b bf 48x48
19:54:02 lock_door_small b map 96x48
19:57:44 i_feather_cloak c bf 32x32
